  Moon.cpp
C:\AGS_Winter_2027\頂点シェーダー\Src\MeshCutter\MeshCut.h(1,1): warning C4819: ファイルは、現在のコード ページ (932) で表示できない文字を含んでいます。データの損失を防ぐために、ファイルを Unicode 形式で保存してください。
  (ソース ファイル 'Src/Object/Moon.cpp' をコンパイルしています)
  
  GameScene.cpp
C:\AGS_Winter_2027\頂点シェーダー\Src\MeshCutter\MeshCut.h(1,1): warning C4819: ファイルは、現在のコード ページ (932) で表示できない文字を含んでいます。データの損失を防ぐために、ファイルを Unicode 形式で保存してください。
  (ソース ファイル 'Src/Scene/GameScene.cpp' をコンパイルしています)
  
C:\Program Files\Microsoft Visual Studio\2022\Community\VC\Tools\MSVC\14.44.35207\include\memory(3308,27): error C2027: 認識できない型 'AnimationController' が使われています。
  (ソース ファイル 'Src/Scene/GameScene.cpp' をコンパイルしています)
      C:\AGS_Winter_2027\頂点シェーダー\Src\Object\Player.h(9,7):
      'AnimationController' の宣言を確認してください
      C:\Program Files\Microsoft Visual Studio\2022\Community\VC\Tools\MSVC\14.44.35207\include\memory(3308,27):
      テンプレートインスタンス化コンテキスト (最初に最も古いもの) は
          C:\AGS_Winter_2027\頂点シェーダー\Src\Object\Player.h(79,39):
          コンパイル対象の クラス テンプレート インスタンス化 'std::unique_ptr<AnimationController,std::default_delete<AnimationController>>' のリファレンスを確認してください
          C:\Program Files\Microsoft Visual Studio\2022\Community\VC\Tools\MSVC\14.44.35207\include\memory(3352,92):
          コンパイル対象の クラス テンプレート インスタンス化 'std::default_delete<AnimationController>' のリファレンスを確認してください
          C:\Program Files\Microsoft Visual Studio\2022\Community\VC\Tools\MSVC\14.44.35207\include\memory(3307,23):
          クラス テンプレート メンバー関数 'void std::default_delete<AnimationController>::operator ()(_Ty *) noexcept const' のコンパイル中
          with
          [
              _Ty=AnimationController
          ]
              C:\Program Files\Microsoft Visual Studio\2022\Community\VC\Tools\MSVC\14.44.35207\include\memory(3427,33):
              'std::unique_ptr<AnimationController,std::default_delete<AnimationController>>::~unique_ptr' の 'std::default_delete<AnimationController>::operator ()' への最初の参照を参照してください
              C:\AGS_Winter_2027\頂点シェーダー\Src\Object\Moon.h(31,1):
              'Moon::Moon' の 'std::unique_ptr<AnimationController,std::default_delete<AnimationController>>::~unique_ptr' への最初の参照を参照してください
  
C:\Program Files\Microsoft Visual Studio\2022\Community\VC\Tools\MSVC\14.44.35207\include\memory(3308,25): error C2338: static_assert failed: 'can't delete an incomplete type'
  (ソース ファイル 'Src/Scene/GameScene.cpp' をコンパイルしています)
  
C:\Program Files\Microsoft Visual Studio\2022\Community\VC\Tools\MSVC\14.44.35207\include\memory(3309,9): warning C4150: 'AnimationController' 型を削除するため delete 演算子が呼び出されましたが、定義がありません。
  (ソース ファイル 'Src/Scene/GameScene.cpp' をコンパイルしています)
      C:\AGS_Winter_2027\頂点シェーダー\Src\Object\Player.h(9,7):
      'AnimationController' の宣言を確認してください
  
  コードを生成中...
